BL51 BANKED LINKER/LOCATER V6.22.4.0                                                    11/22/2025  19:14:18  PAGE 1


BL51 BANKED LINKER/LOCATER V6.22.4.0, INVOKED BY:
D:\KEIL UVISION5 C51V961(64BIT)\C51\BIN\BL51.EXE .\Objects\STARTUP.obj, .\Objects\shu1.obj TO .\Objects\2 PRINT (.\Listi
>> ngs\2.m51) RAMSIZE (256)


MEMORY MODEL: SMALL


INPUT MODULES INCLUDED:
  .\Objects\STARTUP.obj (?C_STARTUP)
  .\Objects\shu1.obj (SHU1)


LINK MAP OF MODULE:  .\Objects\2 (?C_STARTUP)


            TYPE    BASE      LENGTH    RELOCATION   SEGMENT NAME
            -----------------------------------------------------

            * * * * * * *   D A T A   M E M O R Y   * * * * * * *
            REG     0000H     0008H     ABSOLUTE     "REG BANK 0"
            IDATA   0008H     0001H     UNIT         ?STACK

            * * * * * * *   C O D E   M E M O R Y   * * * * * * *
            CODE    0000H     0003H     ABSOLUTE     
            CODE    0003H     001EH     UNIT         ?PR?_DELAYMS?SHU1
            CODE    0021H     0014H     UNIT         ?PR?MAIN?SHU1
            CODE    0035H     000CH     UNIT         ?C_C51STARTUP



OVERLAY MAP OF MODULE:   .\Objects\2 (?C_STARTUP)


SEGMENT
  +--> CALLED SEGMENT
---------------------
?C_C51STARTUP
  +--> ?PR?MAIN?SHU1

?PR?MAIN?SHU1
  +--> ?PR?_DELAYMS?SHU1



SYMBOL TABLE OF MODULE:  .\Objects\2 (?C_STARTUP)

  VALUE           TYPE          NAME
  ----------------------------------

  -------         MODULE        ?C_STARTUP
  C:0035H         SEGMENT       ?C_C51STARTUP
  I:0008H         SEGMENT       ?STACK
  C:0000H         PUBLIC        ?C_STARTUP
  D:00E0H         SYMBOL        ACC
  D:00F0H         SYMBOL        B
  D:0083H         SYMBOL        DPH
  D:0082H         SYMBOL        DPL
BL51 BANKED LINKER/LOCATER V6.22.4.0                                                  11/22/2025  19:14:18  PAGE 2


  N:0000H         SYMBOL        IBPSTACK
  N:0100H         SYMBOL        IBPSTACKTOP
  N:0080H         SYMBOL        IDATALEN
  C:0038H         SYMBOL        IDATALOOP
  N:0000H         SYMBOL        PBPSTACK
  N:0100H         SYMBOL        PBPSTACKTOP
  N:0000H         SYMBOL        PDATALEN
  N:0000H         SYMBOL        PDATASTART
  N:0000H         SYMBOL        PPAGE
  N:0000H         SYMBOL        PPAGEENABLE
  D:00A0H         SYMBOL        PPAGE_SFR
  D:0081H         SYMBOL        SP
  C:0035H         SYMBOL        STARTUP1
  N:0000H         SYMBOL        XBPSTACK
  N:0000H         SYMBOL        XBPSTACKTOP
  N:0000H         SYMBOL        XDATALEN
  N:0000H         SYMBOL        XDATASTART
  C:0000H         LINE#         126
  C:0035H         LINE#         133
  C:0037H         LINE#         134
  C:0038H         LINE#         135
  C:0039H         LINE#         136
  C:003BH         LINE#         185
  C:003EH         LINE#         196
  -------         ENDMOD        ?C_STARTUP

  -------         MODULE        SHU1
  C:0000H         SYMBOL        _ICE_DUMMY_
  D:0090H         PUBLIC        P1
  C:0003H         PUBLIC        _DelayMS
  C:0021H         PUBLIC        main
  B:0090H.0       PUBLIC        LED
  -------         PROC          _DELAYMS
  D:0006H         SYMBOL        ms
  -------         DO            
  D:0006H         SYMBOL        i
  D:0004H         SYMBOL        j
  -------         ENDDO         
  C:0003H         LINE#         5
  C:0003H         LINE#         6
  C:0003H         LINE#         8
  C:000CH         LINE#         9
  C:0020H         LINE#         10
  -------         ENDPROC       _DELAYMS
  -------         PROC          MAIN
  C:0021H         LINE#         12
  C:0021H         LINE#         13
  C:0021H         LINE#         14
  C:0021H         LINE#         15
  C:0021H         LINE#         16
  C:0023H         LINE#         17
  C:002AH         LINE#         18
  C:002CH         LINE#         19
  C:0033H         LINE#         20
  -------         ENDPROC       MAIN
  -------         ENDMOD        SHU1

BL51 BANKED LINKER/LOCATER V6.22.4.0                                                  11/22/2025  19:14:18  PAGE 3


Program Size: data=9.0 xdata=0 code=65
LINK/LOCATE RUN COMPLETE.  0 WARNING(S),  0 ERROR(S)
