C51 COMPILER V9.60.7.0   3                                                                 11/19/2025 14:50:08 PAGE 1   


C51 COMPILER V9.60.7.0, COMPILATION OF MODULE 3
OBJECT MODULE PLACED IN .\Objects\3.obj
COMPILER INVOKED BY: D:\Keil uvision5 C51v961(64bit)\C51\BIN\C51.EXE 3.c OPTIMIZE(8,SPEED) BROWSE DEBUG OBJECTEXTEND PRI
                    -NT(.\Listings\3.lst) TABS(2) OBJECT(.\Objects\3.obj)

line level    source

   1          #include <REGX52.H>
   2          void delay(unsigned int ms)
   3          {
   4   1          unsigned int i, j;
   5   1          for(i = ms; i > 0; i--)
   6   1              for(j = 110; j > 0; j--);
   7   1      }
   8          
   9          void main()
  10          {
  11   1          unsigned char i;
  12   1          while(1)
  13   1          {
  14   2              for(i = 0; i < 8; i++)
  15   2              {
  16   3                  P1 = ~(0x01 << i);
  17   3                  delay(300);
  18   3              }
  19   2              for(i = 0; i < 8; i++)
  20   2              {
  21   3                  P1 = ~(0x80 >> i);
  22   3                  delay(300);
  23   3              }
  24   2          }
  25   1      }


MODULE INFORMATION:   STATIC OVERLAYABLE
   CODE SIZE        =     82    ----
   CONSTANT SIZE    =   ----    ----
   XDATA SIZE       =   ----    ----
   PDATA SIZE       =   ----    ----
   DATA SIZE        =   ----    ----
   IDATA SIZE       =   ----    ----
   BIT SIZE         =   ----    ----
END OF MODULE INFORMATION.


C51 COMPILATION COMPLETE.  0 WARNING(S),  0 ERROR(S)
